firefly-jar: 4 missing, 0 unchecked accounts (window 2026-08-24 – 2026-09-22)

Missing in Firefly III
Swedbank · LT12…3456 · Main (EUR)
- 2026-09-20  -4.50 EUR  BAKERY
- 2026-09-20  -4.50 EUR  COFFEE SHOP
- 2026-09-20  20.00 EUR  REFUND FROM LT77…0042
Wise · hash:ab12…ef12 · Yen (JPY)
- 2026-09-05  -1200 JPY  RAMEN BAR
